To honour the JVM settings for this build a single-use Daemon process will be forked. For more on this, please refer to https://docs.gradle.org/8.10.2/userguide/gradle_daemon.html#sec:disabling_the_daemon in the Gradle documentation.
Daemon will be stopped at the end of the build 
> Task :compileJava
> Task :processResources
> Task :classes
> Task :resolveMainClassName

> Task :bootRun

  .   ____          _            __ _ _
 /\\ / ___'_ __ _ _(_)_ __  __ _ \ \ \ \
( ( )\___ | '_ | '_| | '_ \/ _` | \ \ \ \
 \\/  ___)| |_)| | | | | || (_| |  ) ) ) )
  '  |____| .__|_| |_|_| |_\__, | / / / /
 =========|_|==============|___/=/_/_/_/

 :: Spring Boot ::                (v3.3.4)

2026-05-18T14:11:54.713+03:00  INFO 21460 --- [winter-olympics-basic] [           main] c.i.c.Cscb869OlympicsApplication         : Starting Cscb869OlympicsApplication using Java 21.0.8 with PID 21460 (C:\Users\radig\Documents\for_uni\java\winter-olympics-basic\build\classes\java\main started by radig in C:\Users\radig\Documents\for_uni\java\winter-olympics-basic)
2026-05-18T14:11:54.721+03:00  INFO 21460 --- [winter-olympics-basic] [           main] c.i.c.Cscb869OlympicsApplication         : No active profile set, falling back to 1 default profile: "default"
2026-05-18T14:11:55.455+03:00  INFO 21460 --- [winter-olympics-basic] [           main] .s.d.r.c.RepositoryConfigurationDelegate : Bootstrapping Spring Data JPA repositories in DEFAULT mode.
2026-05-18T14:11:55.536+03:00  INFO 21460 --- [winter-olympics-basic] [           main] .s.d.r.c.RepositoryConfigurationDelegate : Finished Spring Data repository scanning in 79 ms. Found 7 JPA repository interfaces.
2026-05-18T14:11:56.089+03:00  INFO 21460 --- [winter-olympics-basic] [           main] o.s.b.w.embedded.tomcat.TomcatWebServer  : Tomcat initialized with port 8090 (http)
2026-05-18T14:11:56.105+03:00  INFO 21460 --- [winter-olympics-basic] [           main] o.apache.catalina.core.StandardService   : Starting service [Tomcat]
2026-05-18T14:11:56.105+03:00  INFO 21460 --- [winter-olympics-basic] [           main] o.apache.catalina.core.StandardEngine    : Starting Servlet engine: [Apache Tomcat/10.1.30]
2026-05-18T14:11:56.174+03:00  INFO 21460 --- [winter-olympics-basic] [           main] o.a.c.c.C.[Tomcat].[localhost].[/]       : Initializing Spring embedded WebApplicationContext
2026-05-18T14:11:56.174+03:00  INFO 21460 --- [winter-olympics-basic] [           main] w.s.c.ServletWebServerApplicationContext : Root WebApplicationContext: initialization completed in 1413 ms
2026-05-18T14:11:56.352+03:00  INFO 21460 --- [winter-olympics-basic] [           main] o.hibernate.jpa.internal.util.LogHelper  : HHH000204: Processing PersistenceUnitInfo [name: default]
2026-05-18T14:11:56.397+03:00  INFO 21460 --- [winter-olympics-basic] [           main] org.hibernate.Version                    : HHH000412: Hibernate ORM core version 6.5.3.Final
2026-05-18T14:11:56.427+03:00  INFO 21460 --- [winter-olympics-basic] [           main] o.h.c.internal.RegionFactoryInitiator    : HHH000026: Second-level cache disabled
2026-05-18T14:11:56.707+03:00  INFO 21460 --- [winter-olympics-basic] [           main] o.s.o.j.p.SpringPersistenceUnitInfo      : No LoadTimeWeaver setup: ignoring JPA class transformer
2026-05-18T14:11:56.757+03:00  INFO 21460 --- [winter-olympics-basic] [           main] com.zaxxer.hikari.HikariDataSource       : HikariPool-1 - Starting...
2026-05-18T14:11:56.918+03:00  INFO 21460 --- [winter-olympics-basic] [           main] com.zaxxer.hikari.pool.HikariPool        : HikariPool-1 - Added connection conn0: url=jdbc:h2:mem:olympics user=SA
2026-05-18T14:11:56.918+03:00  INFO 21460 --- [winter-olympics-basic] [           main] com.zaxxer.hikari.HikariDataSource       : HikariPool-1 - Start completed.
2026-05-18T14:11:56.946+03:00  WARN 21460 --- [winter-olympics-basic] [           main] org.hibernate.orm.deprecation            : HHH90000025: H2Dialect does not need to be specified explicitly using 'hibernate.dialect' (remove the property setting and it will be selected by default)
2026-05-18T14:11:58.075+03:00  INFO 21460 --- [winter-olympics-basic] [           main] o.h.e.t.j.p.i.JtaPlatformInitiator       : HHH000489: No JTA platform available (set 'hibernate.transaction.jta.platform' to enable JTA platform integration)
2026-05-18T14:11:58.134+03:00 DEBUG 21460 --- [winter-olympics-basic] [           main] org.hibernate.SQL                        : 
    create table athletes (
        id bigint generated by default as identity,
        country varchar(60) not null,
        date_of_birth date not null,
        first_name varchar(100) not null,
        gender enum ('FEMALE','MALE') not null,
        last_name varchar(100) not null,
        primary key (id)
    )
Hibernate: 
    create table athletes (
        id bigint generated by default as identity,
        country varchar(60) not null,
        date_of_birth date not null,
        first_name varchar(100) not null,
        gender enum ('FEMALE','MALE') not null,
        last_name varchar(100) not null,
        primary key (id)
    )
2026-05-18T14:11:58.141+03:00 DEBUG 21460 --- [winter-olympics-basic] [           main] org.hibernate.SQL                        : 
    create table biathlon_results (
        id bigint generated by default as identity,
        base_time_seconds numeric(8,3),
        misses integer not null,
        status enum ('DNF','DNS','FINISHED') not null,
        athlete_id bigint not null,
        competition_id bigint not null,
        primary key (id)
    )
Hibernate: 
    create table biathlon_results (
        id bigint generated by default as identity,
        base_time_seconds numeric(8,3),
        misses integer not null,
        status enum ('DNF','DNS','FINISHED') not null,
        athlete_id bigint not null,
        competition_id bigint not null,
        primary key (id)
    )
2026-05-18T14:11:58.146+03:00 DEBUG 21460 --- [winter-olympics-basic] [           main] org.hibernate.SQL                        : 
    create table competition_registrations (
        id bigint generated by default as identity,
        athlete_id bigint not null,
        competition_id bigint not null,
        primary key (id)
    )
Hibernate: 
    create table competition_registrations (
        id bigint generated by default as identity,
        athlete_id bigint not null,
        competition_id bigint not null,
        primary key (id)
    )
2026-05-18T14:11:58.146+03:00 DEBUG 21460 --- [winter-olympics-basic] [           main] org.hibernate.SQL                        : 
    create table competitions (
        id bigint generated by default as identity,
        finished boolean not null,
        gender enum ('FEMALE','MALE') not null,
        held_on date not null,
        min_age integer not null,
        name varchar(120) not null,
        type enum ('BIATHLON','SKI_SLALOM') not null,
        primary key (id)
    )
Hibernate: 
    create table competitions (
        id bigint generated by default as identity,
        finished boolean not null,
        gender enum ('FEMALE','MALE') not null,
        held_on date not null,
        min_age integer not null,
        name varchar(120) not null,
        type enum ('BIATHLON','SKI_SLALOM') not null,
        primary key (id)
    )
2026-05-18T14:11:58.150+03:00 DEBUG 21460 --- [winter-olympics-basic] [           main] org.hibernate.SQL                        : 
    create table roles (
        id bigint generated by default as identity,
        authority varchar(30) not null,
        primary key (id)
    )
Hibernate: 
    create table roles (
        id bigint generated by default as identity,
        authority varchar(30) not null,
        primary key (id)
    )
2026-05-18T14:11:58.150+03:00 DEBUG 21460 --- [winter-olympics-basic] [           main] org.hibernate.SQL                        : 
    create table slalom_results (
        id bigint generated by default as identity,
        run_one_status enum ('DNF','DNS','FINISHED') not null,
        run_one_time_seconds numeric(8,3),
        run_two_status enum ('DNF','DNS','FINISHED') not null,
        run_two_time_seconds numeric(8,3),
        athlete_id bigint not null,
        competition_id bigint not null,
        primary key (id)
    )
Hibernate: 
    create table slalom_results (
        id bigint generated by default as identity,
        run_one_status enum ('DNF','DNS','FINISHED') not null,
        run_one_time_seconds numeric(8,3),
        run_two_status enum ('DNF','DNS','FINISHED') not null,
        run_two_time_seconds numeric(8,3),
        athlete_id bigint not null,
        competition_id bigint not null,
        primary key (id)
    )
2026-05-18T14:11:58.153+03:00 DEBUG 21460 --- [winter-olympics-basic] [           main] org.hibernate.SQL                        : 
    create table users (
        id bigint generated by default as identity,
        account_non_expired boolean not null,
        account_non_locked boolean not null,
        credentials_non_expired boolean not null,
        enabled boolean not null,
        password varchar(255) not null,
        username varchar(60) not null,
        athlete_id bigint,
        primary key (id)
    )
Hibernate: 
    create table users (
        id bigint generated by default as identity,
        account_non_expired boolean not null,
        account_non_locked boolean not null,
        credentials_non_expired boolean not null,
        enabled boolean not null,
        password varchar(255) not null,
        username varchar(60) not null,
        athlete_id bigint,
        primary key (id)
    )
2026-05-18T14:11:58.153+03:00 DEBUG 21460 --- [winter-olympics-basic] [           main] org.hibernate.SQL                        : 
    create table users_roles (
        user_id bigint not null,
        role_id bigint not null,
        primary key (user_id, role_id)
    )
Hibernate: 
    create table users_roles (
        user_id bigint not null,
        role_id bigint not null,
        primary key (user_id, role_id)
    )
2026-05-18T14:11:58.153+03:00 DEBUG 21460 --- [winter-olympics-basic] [           main] org.hibernate.SQL                        : 
    alter table if exists biathlon_results 
       drop constraint if exists UK5i3w8sxkd8on509lmpg8tvgex
Hibernate: 
    alter table if exists biathlon_results 
       drop constraint if exists UK5i3w8sxkd8on509lmpg8tvgex
2026-05-18T14:11:58.153+03:00 DEBUG 21460 --- [winter-olympics-basic] [           main] org.hibernate.SQL                        : 
    alter table if exists biathlon_results 
       add constraint UK5i3w8sxkd8on509lmpg8tvgex unique (competition_id, athlete_id)
Hibernate: 
    alter table if exists biathlon_results 
       add constraint UK5i3w8sxkd8on509lmpg8tvgex unique (competition_id, athlete_id)
2026-05-18T14:11:58.153+03:00 DEBUG 21460 --- [winter-olympics-basic] [           main] org.hibernate.SQL                        : 
    alter table if exists competition_registrations 
       drop constraint if exists UKn0jx2ch6407ct7i6u3n9ak6t7
Hibernate: 
    alter table if exists competition_registrations 
       drop constraint if exists UKn0jx2ch6407ct7i6u3n9ak6t7
2026-05-18T14:11:58.153+03:00 DEBUG 21460 --- [winter-olympics-basic] [           main] org.hibernate.SQL                        : 
    alter table if exists competition_registrations 
       add constraint UKn0jx2ch6407ct7i6u3n9ak6t7 unique (competition_id, athlete_id)
Hibernate: 
    alter table if exists competition_registrations 
       add constraint UKn0jx2ch6407ct7i6u3n9ak6t7 unique (competition_id, athlete_id)
2026-05-18T14:11:58.159+03:00 DEBUG 21460 --- [winter-olympics-basic] [           main] org.hibernate.SQL                        : 
    alter table if exists roles 
       drop constraint if exists UKr261muslviw4d89p3xlvagqof
Hibernate: 
    alter table if exists roles 
       drop constraint if exists UKr261muslviw4d89p3xlvagqof
2026-05-18T14:11:58.159+03:00 DEBUG 21460 --- [winter-olympics-basic] [           main] org.hibernate.SQL                        : 
    alter table if exists roles 
       add constraint UKr261muslviw4d89p3xlvagqof unique (authority)
Hibernate: 
    alter table if exists roles 
       add constraint UKr261muslviw4d89p3xlvagqof unique (authority)
2026-05-18T14:11:58.159+03:00 DEBUG 21460 --- [winter-olympics-basic] [           main] org.hibernate.SQL                        : 
    alter table if exists slalom_results 
       drop constraint if exists UKgs2epoi37vcy8wfyo8h9eehr0
Hibernate: 
    alter table if exists slalom_results 
       drop constraint if exists UKgs2epoi37vcy8wfyo8h9eehr0
2026-05-18T14:11:58.159+03:00 DEBUG 21460 --- [winter-olympics-basic] [           main] org.hibernate.SQL                        : 
    alter table if exists slalom_results 
       add constraint UKgs2epoi37vcy8wfyo8h9eehr0 unique (competition_id, athlete_id)
Hibernate: 
    alter table if exists slalom_results 
       add constraint UKgs2epoi37vcy8wfyo8h9eehr0 unique (competition_id, athlete_id)
2026-05-18T14:11:58.159+03:00 DEBUG 21460 --- [winter-olympics-basic] [           main] org.hibernate.SQL                        : 
    alter table if exists users 
       drop constraint if exists UKr43af9ap4edm43mmtq01oddj6
Hibernate: 
    alter table if exists users 
       drop constraint if exists UKr43af9ap4edm43mmtq01oddj6
2026-05-18T14:11:58.159+03:00 DEBUG 21460 --- [winter-olympics-basic] [           main] org.hibernate.SQL                        : 
    alter table if exists users 
       add constraint UKr43af9ap4edm43mmtq01oddj6 unique (username)
Hibernate: 
    alter table if exists users 
       add constraint UKr43af9ap4edm43mmtq01oddj6 unique (username)
2026-05-18T14:11:58.159+03:00 DEBUG 21460 --- [winter-olympics-basic] [           main] org.hibernate.SQL                        : 
    alter table if exists users 
       drop constraint if exists UKp92we5brleyc6m6jn1h991gp9
Hibernate: 
    alter table if exists users 
       drop constraint if exists UKp92we5brleyc6m6jn1h991gp9
2026-05-18T14:11:58.159+03:00 DEBUG 21460 --- [winter-olympics-basic] [           main] org.hibernate.SQL                        : 
    alter table if exists users 
       add constraint UKp92we5brleyc6m6jn1h991gp9 unique (athlete_id)
Hibernate: 
    alter table if exists users 
       add constraint UKp92we5brleyc6m6jn1h991gp9 unique (athlete_id)
2026-05-18T14:11:58.159+03:00 DEBUG 21460 --- [winter-olympics-basic] [           main] org.hibernate.SQL                        : 
    alter table if exists biathlon_results 
       add constraint FK8fkoxtyl4732rlnod8rm909pa 
       foreign key (athlete_id) 
       references athletes
Hibernate: 
    alter table if exists biathlon_results 
       add constraint FK8fkoxtyl4732rlnod8rm909pa 
       foreign key (athlete_id) 
       references athletes
2026-05-18T14:11:58.165+03:00 DEBUG 21460 --- [winter-olympics-basic] [           main] org.hibernate.SQL                        : 
    alter table if exists biathlon_results 
       add constraint FKrcjciowtjp7wk1cryxgymi1og 
       foreign key (competition_id) 
       references competitions
Hibernate: 
    alter table if exists biathlon_results 
       add constraint FKrcjciowtjp7wk1cryxgymi1og 
       foreign key (competition_id) 
       references competitions
2026-05-18T14:11:58.171+03:00 DEBUG 21460 --- [winter-olympics-basic] [           main] org.hibernate.SQL                        : 
    alter table if exists competition_registrations 
       add constraint FKahty0r2goojugmvkp0ul2xwi5 
       foreign key (athlete_id) 
       references athletes
Hibernate: 
    alter table if exists competition_registrations 
       add constraint FKahty0r2goojugmvkp0ul2xwi5 
       foreign key (athlete_id) 
       references athletes
2026-05-18T14:11:58.171+03:00 DEBUG 21460 --- [winter-olympics-basic] [           main] org.hibernate.SQL                        : 
    alter table if exists competition_registrations 
       add constraint FKqgioevn0iah5nxxnitnbyvtwy 
       foreign key (competition_id) 
       references competitions
Hibernate: 
    alter table if exists competition_registrations 
       add constraint FKqgioevn0iah5nxxnitnbyvtwy 
       foreign key (competition_id) 
       references competitions
2026-05-18T14:11:58.171+03:00 DEBUG 21460 --- [winter-olympics-basic] [           main] org.hibernate.SQL                        : 
    alter table if exists slalom_results 
       add constraint FKei7w2w9e4noi5y5g3rl0sx8ci 
       foreign key (athlete_id) 
       references athletes
Hibernate: 
    alter table if exists slalom_results 
       add constraint FKei7w2w9e4noi5y5g3rl0sx8ci 
       foreign key (athlete_id) 
       references athletes
2026-05-18T14:11:58.171+03:00 DEBUG 21460 --- [winter-olympics-basic] [           main] org.hibernate.SQL                        : 
    alter table if exists slalom_results 
       add constraint FKfrms7lmlq5qxsq4qe2vtp9viq 
       foreign key (competition_id) 
       references competitions
Hibernate: 
    alter table if exists slalom_results 
       add constraint FKfrms7lmlq5qxsq4qe2vtp9viq 
       foreign key (competition_id) 
       references competitions
2026-05-18T14:11:58.178+03:00 DEBUG 21460 --- [winter-olympics-basic] [           main] org.hibernate.SQL                        : 
    alter table if exists users 
       add constraint FKhtvk26w5usqyy2pctox401coj 
       foreign key (athlete_id) 
       references athletes
Hibernate: 
    alter table if exists users 
       add constraint FKhtvk26w5usqyy2pctox401coj 
       foreign key (athlete_id) 
       references athletes
2026-05-18T14:11:58.178+03:00 DEBUG 21460 --- [winter-olympics-basic] [           main] org.hibernate.SQL                        : 
    alter table if exists users_roles 
       add constraint FKj6m8fwv7oqv74fcehir1a9ffy 
       foreign key (role_id) 
       references roles
Hibernate: 
    alter table if exists users_roles 
       add constraint FKj6m8fwv7oqv74fcehir1a9ffy 
       foreign key (role_id) 
       references roles
2026-05-18T14:11:58.180+03:00 DEBUG 21460 --- [winter-olympics-basic] [           main] org.hibernate.SQL                        : 
    alter table if exists users_roles 
       add constraint FK2o0jvgh89lemvvo17cbqvdxaa 
       foreign key (user_id) 
       references users
Hibernate: 
    alter table if exists users_roles 
       add constraint FK2o0jvgh89lemvvo17cbqvdxaa 
       foreign key (user_id) 
       references users
2026-05-18T14:11:58.181+03:00  INFO 21460 --- [winter-olympics-basic] [           main] j.LocalContainerEntityManagerFactoryBean : Initialized JPA EntityManagerFactory for persistence unit 'default'
2026-05-18T14:11:58.670+03:00 DEBUG 21460 --- [winter-olympics-basic] [           main] org.hibernate.SQL                        : 
    select
        r1_0.id,
        r1_0.authority 
    from
        roles r1_0 
    where
        r1_0.authority=?
Hibernate: 
    select
        r1_0.id,
        r1_0.authority 
    from
        roles r1_0 
    where
        r1_0.authority=?
2026-05-18T14:11:58.732+03:00 DEBUG 21460 --- [winter-olympics-basic] [           main] org.hibernate.SQL                        : 
    insert 
    into
        roles
        (authority, id) 
    values
        (?, default)
Hibernate: 
    insert 
    into
        roles
        (authority, id) 
    values
        (?, default)
2026-05-18T14:11:58.748+03:00 DEBUG 21460 --- [winter-olympics-basic] [           main] org.hibernate.SQL                        : 
    select
        r1_0.id,
        r1_0.authority 
    from
        roles r1_0 
    where
        r1_0.authority=?
Hibernate: 
    select
        r1_0.id,
        r1_0.authority 
    from
        roles r1_0 
    where
        r1_0.authority=?
2026-05-18T14:11:58.748+03:00 DEBUG 21460 --- [winter-olympics-basic] [           main] org.hibernate.SQL                        : 
    insert 
    into
        roles
        (authority, id) 
    values
        (?, default)
Hibernate: 
    insert 
    into
        roles
        (authority, id) 
    values
        (?, default)
2026-05-18T14:11:58.764+03:00 DEBUG 21460 --- [winter-olympics-basic] [           main] org.hibernate.SQL                        : 
    select
        u1_0.id 
    from
        users u1_0 
    where
        u1_0.username=? 
    fetch
        first ? rows only
Hibernate: 
    select
        u1_0.id 
    from
        users u1_0 
    where
        u1_0.username=? 
    fetch
        first ? rows only
2026-05-18T14:11:58.843+03:00 DEBUG 21460 --- [winter-olympics-basic] [           main] org.hibernate.SQL                        : 
    insert 
    into
        users
        (account_non_expired, account_non_locked, athlete_id, credentials_non_expired, enabled, password, username, id) 
    values
        (?, ?, ?, ?, ?, ?, ?, default)
Hibernate: 
    insert 
    into
        users
        (account_non_expired, account_non_locked, athlete_id, credentials_non_expired, enabled, password, username, id) 
    values
        (?, ?, ?, ?, ?, ?, ?, default)
2026-05-18T14:11:58.843+03:00 DEBUG 21460 --- [winter-olympics-basic] [           main] org.hibernate.SQL                        : 
    insert 
    into
        users_roles
        (user_id, role_id) 
    values
        (?, ?)
Hibernate: 
    insert 
    into
        users_roles
        (user_id, role_id) 
    values
        (?, ?)
2026-05-18T14:11:58.843+03:00  INFO 21460 --- [winter-olympics-basic] [           main] c.i.cscb869_olympics.config.DataSeeder   : Seeded default admin user: admin / admin123
2026-05-18T14:11:59.114+03:00  WARN 21460 --- [winter-olympics-basic] [           main] JpaBaseConfiguration$JpaWebConfiguration : spring.jpa.open-in-view is enabled by default. Therefore, database queries may be performed during view rendering. Explicitly configure spring.jpa.open-in-view to disable this warning
2026-05-18T14:11:59.175+03:00  INFO 21460 --- [winter-olympics-basic] [           main] eAuthenticationProviderManagerConfigurer : Global AuthenticationManager configured with AuthenticationProvider bean with name daoAuthenticationProvider
2026-05-18T14:11:59.176+03:00  WARN 21460 --- [winter-olympics-basic] [           main] r$InitializeUserDetailsManagerConfigurer : Global AuthenticationManager configured with an AuthenticationProvider bean. UserDetailsService beans will not be used for username/password login. Consider removing the AuthenticationProvider bean. Alternatively, consider using the UserDetailsService in a manually instantiated DaoAuthenticationProvider.
2026-05-18T14:11:59.266+03:00  INFO 21460 --- [winter-olympics-basic] [           main] o.s.b.a.w.s.WelcomePageHandlerMapping    : Adding welcome page template: index
2026-05-18T14:11:59.889+03:00  INFO 21460 --- [winter-olympics-basic] [           main] o.s.b.w.embedded.tomcat.TomcatWebServer  : Tomcat started on port 8090 (http) with context path '/'
2026-05-18T14:11:59.889+03:00  INFO 21460 --- [winter-olympics-basic] [           main] c.i.c.Cscb869OlympicsApplication         : Started Cscb869OlympicsApplication in 5.555 seconds (process running for 5.932)
2026-05-18T14:12:13.895+03:00  INFO 21460 --- [winter-olympics-basic] [nio-8090-exec-1] o.a.c.c.C.[Tomcat].[localhost].[/]       : Initializing Spring DispatcherServlet 'dispatcherServlet'
2026-05-18T14:12:13.895+03:00  INFO 21460 --- [winter-olympics-basic] [nio-8090-exec-1] o.s.web.servlet.DispatcherServlet        : Initializing Servlet 'dispatcherServlet'
2026-05-18T14:12:13.895+03:00  INFO 21460 --- [winter-olympics-basic] [nio-8090-exec-1] o.s.web.servlet.DispatcherServlet        : Completed initialization in 0 ms
2026-05-18T14:12:13.927+03:00 DEBUG 21460 --- [winter-olympics-basic] [nio-8090-exec-1] org.hibernate.SQL                        : 
    select
        a1_0.id,
        a1_0.country,
        a1_0.date_of_birth,
        a1_0.first_name,
        a1_0.gender,
        a1_0.last_name 
    from
        athletes a1_0
Hibernate: 
    select
        a1_0.id,
        a1_0.country,
        a1_0.date_of_birth,
        a1_0.first_name,
        a1_0.gender,
        a1_0.last_name 
    from
        athletes a1_0
2026-05-18T14:12:13.942+03:00 DEBUG 21460 --- [winter-olympics-basic] [nio-8090-exec-1] org.hibernate.SQL                        : 
    select
        c1_0.id,
        c1_0.finished,
        c1_0.gender,
        c1_0.held_on,
        c1_0.min_age,
        c1_0.name,
        c1_0.type 
    from
        competitions c1_0
Hibernate: 
    select
        c1_0.id,
        c1_0.finished,
        c1_0.gender,
        c1_0.held_on,
        c1_0.min_age,
        c1_0.name,
        c1_0.type 
    from
        competitions c1_0
2026-05-18T14:12:46.562+03:00 DEBUG 21460 --- [winter-olympics-basic] [nio-8090-exec-3] org.hibernate.SQL                        : 
    select
        u1_0.id,
        u1_0.account_non_expired,
        u1_0.account_non_locked,
        u1_0.athlete_id,
        u1_0.credentials_non_expired,
        u1_0.enabled,
        u1_0.password,
        u1_0.username 
    from
        users u1_0 
    where
        u1_0.username=?
Hibernate: 
    select
        u1_0.id,
        u1_0.account_non_expired,
        u1_0.account_non_locked,
        u1_0.athlete_id,
        u1_0.credentials_non_expired,
        u1_0.enabled,
        u1_0.password,
        u1_0.username 
    from
        users u1_0 
    where
        u1_0.username=?
2026-05-18T14:12:46.562+03:00 DEBUG 21460 --- [winter-olympics-basic] [nio-8090-exec-3] org.hibernate.SQL                        : 
    select
        a1_0.user_id,
        a1_1.id,
        a1_1.authority 
    from
        users_roles a1_0 
    join
        roles a1_1 
            on a1_1.id=a1_0.role_id 
    where
        a1_0.user_id=?
Hibernate: 
    select
        a1_0.user_id,
        a1_1.id,
        a1_1.authority 
    from
        users_roles a1_0 
    join
        roles a1_1 
            on a1_1.id=a1_0.role_id 
    where
        a1_0.user_id=?
2026-05-18T14:12:46.641+03:00 DEBUG 21460 --- [winter-olympics-basic] [nio-8090-exec-3] org.hibernate.SQL                        : 
    select
        a1_0.id,
        a1_0.country,
        a1_0.date_of_birth,
        a1_0.first_name,
        a1_0.gender,
        a1_0.last_name 
    from
        athletes a1_0
Hibernate: 
    select
        a1_0.id,
        a1_0.country,
        a1_0.date_of_birth,
        a1_0.first_name,
        a1_0.gender,
        a1_0.last_name 
    from
        athletes a1_0
2026-05-18T14:12:46.848+03:00 DEBUG 21460 --- [winter-olympics-basic] [nio-8090-exec-5] org.hibernate.SQL                        : 
    select
        u1_0.id 
    from
        users u1_0 
    where
        u1_0.username=? 
    fetch
        first ? rows only
Hibernate: 
    select
        u1_0.id 
    from
        users u1_0 
    where
        u1_0.username=? 
    fetch
        first ? rows only
2026-05-18T14:12:46.848+03:00 DEBUG 21460 --- [winter-olympics-basic] [nio-8090-exec-5] org.hibernate.SQL                        : 
    select
        r1_0.id,
        r1_0.authority 
    from
        roles r1_0 
    where
        r1_0.authority=?
Hibernate: 
    select
        r1_0.id,
        r1_0.authority 
    from
        roles r1_0 
    where
        r1_0.authority=?
2026-05-18T14:12:46.864+03:00 DEBUG 21460 --- [winter-olympics-basic] [nio-8090-exec-5] org.hibernate.SQL                        : 
    insert 
    into
        athletes
        (country, date_of_birth, first_name, gender, last_name, id) 
    values
        (?, ?, ?, ?, ?, default)
Hibernate: 
    insert 
    into
        athletes
        (country, date_of_birth, first_name, gender, last_name, id) 
    values
        (?, ?, ?, ?, ?, default)
2026-05-18T14:12:46.927+03:00 DEBUG 21460 --- [winter-olympics-basic] [nio-8090-exec-5] org.hibernate.SQL                        : 
    insert 
    into
        users
        (account_non_expired, account_non_locked, athlete_id, credentials_non_expired, enabled, password, username, id) 
    values
        (?, ?, ?, ?, ?, ?, ?, default)
Hibernate: 
    insert 
    into
        users
        (account_non_expired, account_non_locked, athlete_id, credentials_non_expired, enabled, password, username, id) 
    values
        (?, ?, ?, ?, ?, ?, ?, default)
2026-05-18T14:12:46.943+03:00 DEBUG 21460 --- [winter-olympics-basic] [nio-8090-exec-5] org.hibernate.SQL                        : 
    insert 
    into
        users_roles
        (user_id, role_id) 
    values
        (?, ?)
Hibernate: 
    insert 
    into
        users_roles
        (user_id, role_id) 
    values
        (?, ?)
2026-05-18T14:12:46.974+03:00 DEBUG 21460 --- [winter-olympics-basic] [nio-8090-exec-9] org.hibernate.SQL                        : 
    select
        u1_0.id,
        u1_0.account_non_expired,
        u1_0.account_non_locked,
        u1_0.athlete_id,
        u1_0.credentials_non_expired,
        u1_0.enabled,
        u1_0.password,
        u1_0.username 
    from
        users u1_0 
    where
        u1_0.username=?
Hibernate: 
    select
        u1_0.id,
        u1_0.account_non_expired,
        u1_0.account_non_locked,
        u1_0.athlete_id,
        u1_0.credentials_non_expired,
        u1_0.enabled,
        u1_0.password,
        u1_0.username 
    from
        users u1_0 
    where
        u1_0.username=?
2026-05-18T14:12:46.990+03:00 DEBUG 21460 --- [winter-olympics-basic] [nio-8090-exec-9] org.hibernate.SQL                        : 
    select
        a1_0.user_id,
        a1_1.id,
        a1_1.authority 
    from
        users_roles a1_0 
    join
        roles a1_1 
            on a1_1.id=a1_0.role_id 
    where
        a1_0.user_id=?
Hibernate: 
    select
        a1_0.user_id,
        a1_1.id,
        a1_1.authority 
    from
        users_roles a1_0 
    join
        roles a1_1 
            on a1_1.id=a1_0.role_id 
    where
        a1_0.user_id=?
2026-05-18T14:12:47.197+03:00 DEBUG 21460 --- [winter-olympics-basic] [io-8090-exec-10] org.hibernate.SQL                        : 
    select
        u1_0.id,
        u1_0.account_non_expired,
        u1_0.account_non_locked,
        u1_0.athlete_id,
        u1_0.credentials_non_expired,
        u1_0.enabled,
        u1_0.password,
        u1_0.username 
    from
        users u1_0 
    where
        u1_0.username=?
Hibernate: 
    select
        u1_0.id,
        u1_0.account_non_expired,
        u1_0.account_non_locked,
        u1_0.athlete_id,
        u1_0.credentials_non_expired,
        u1_0.enabled,
        u1_0.password,
        u1_0.username 
    from
        users u1_0 
    where
        u1_0.username=?
2026-05-18T14:12:47.197+03:00 DEBUG 21460 --- [winter-olympics-basic] [io-8090-exec-10] org.hibernate.SQL                        : 
    select
        a1_0.user_id,
        a1_1.id,
        a1_1.authority 
    from
        users_roles a1_0 
    join
        roles a1_1 
            on a1_1.id=a1_0.role_id 
    where
        a1_0.user_id=?
Hibernate: 
    select
        a1_0.user_id,
        a1_1.id,
        a1_1.authority 
    from
        users_roles a1_0 
    join
        roles a1_1 
            on a1_1.id=a1_0.role_id 
    where
        a1_0.user_id=?
2026-05-18T14:13:46.901+03:00 DEBUG 21460 --- [winter-olympics-basic] [nio-8090-exec-5] org.hibernate.SQL                        : 
    select
        u1_0.id 
    from
        users u1_0 
    where
        u1_0.username=? 
    fetch
        first ? rows only
Hibernate: 
    select
        u1_0.id 
    from
        users u1_0 
    where
        u1_0.username=? 
    fetch
        first ? rows only
2026-05-18T14:13:46.901+03:00 DEBUG 21460 --- [winter-olympics-basic] [nio-8090-exec-5] org.hibernate.SQL                        : 
    select
        r1_0.id,
        r1_0.authority 
    from
        roles r1_0 
    where
        r1_0.authority=?
Hibernate: 
    select
        r1_0.id,
        r1_0.authority 
    from
        roles r1_0 
    where
        r1_0.authority=?
2026-05-18T14:13:46.901+03:00 DEBUG 21460 --- [winter-olympics-basic] [nio-8090-exec-5] org.hibernate.SQL                        : 
    insert 
    into
        athletes
        (country, date_of_birth, first_name, gender, last_name, id) 
    values
        (?, ?, ?, ?, ?, default)
Hibernate: 
    insert 
    into
        athletes
        (country, date_of_birth, first_name, gender, last_name, id) 
    values
        (?, ?, ?, ?, ?, default)
2026-05-18T14:13:46.981+03:00 DEBUG 21460 --- [winter-olympics-basic] [nio-8090-exec-5] org.hibernate.SQL                        : 
    insert 
    into
        users
        (account_non_expired, account_non_locked, athlete_id, credentials_non_expired, enabled, password, username, id) 
    values
        (?, ?, ?, ?, ?, ?, ?, default)
Hibernate: 
    insert 
    into
        users
        (account_non_expired, account_non_locked, athlete_id, credentials_non_expired, enabled, password, username, id) 
    values
        (?, ?, ?, ?, ?, ?, ?, default)
2026-05-18T14:13:46.981+03:00 DEBUG 21460 --- [winter-olympics-basic] [nio-8090-exec-5] org.hibernate.SQL                        : 
    insert 
    into
        users_roles
        (user_id, role_id) 
    values
        (?, ?)
Hibernate: 
    insert 
    into
        users_roles
        (user_id, role_id) 
    values
        (?, ?)
2026-05-18T14:14:07.551+03:00 DEBUG 21460 --- [winter-olympics-basic] [nio-8090-exec-8] org.hibernate.SQL                        : 
    select
        u1_0.id,
        u1_0.account_non_expired,
        u1_0.account_non_locked,
        u1_0.athlete_id,
        u1_0.credentials_non_expired,
        u1_0.enabled,
        u1_0.password,
        u1_0.username 
    from
        users u1_0 
    where
        u1_0.username=?
Hibernate: 
    select
        u1_0.id,
        u1_0.account_non_expired,
        u1_0.account_non_locked,
        u1_0.athlete_id,
        u1_0.credentials_non_expired,
        u1_0.enabled,
        u1_0.password,
        u1_0.username 
    from
        users u1_0 
    where
        u1_0.username=?
2026-05-18T14:14:07.561+03:00 DEBUG 21460 --- [winter-olympics-basic] [nio-8090-exec-8] org.hibernate.SQL                        : 
    select
        a1_0.user_id,
        a1_1.id,
        a1_1.authority 
    from
        users_roles a1_0 
    join
        roles a1_1 
            on a1_1.id=a1_0.role_id 
    where
        a1_0.user_id=?
Hibernate: 
    select
        a1_0.user_id,
        a1_1.id,
        a1_1.authority 
    from
        users_roles a1_0 
    join
        roles a1_1 
            on a1_1.id=a1_0.role_id 
    where
        a1_0.user_id=?
2026-05-18T14:14:07.631+03:00 DEBUG 21460 --- [winter-olympics-basic] [nio-8090-exec-7] org.hibernate.SQL                        : 
    select
        a1_0.id,
        a1_0.country,
        a1_0.date_of_birth,
        a1_0.first_name,
        a1_0.gender,
        a1_0.last_name 
    from
        athletes a1_0
Hibernate: 
    select
        a1_0.id,
        a1_0.country,
        a1_0.date_of_birth,
        a1_0.first_name,
        a1_0.gender,
        a1_0.last_name 
    from
        athletes a1_0
2026-05-18T14:14:07.640+03:00 DEBUG 21460 --- [winter-olympics-basic] [nio-8090-exec-7] org.hibernate.SQL                        : 
    select
        u1_0.id,
        u1_0.account_non_expired,
        u1_0.account_non_locked,
        u1_0.athlete_id,
        a2_0.user_id,
        a2_1.id,
        a2_1.authority,
        u1_0.credentials_non_expired,
        u1_0.enabled,
        u1_0.password,
        u1_0.username 
    from
        users u1_0 
    left join
        users_roles a2_0 
            on u1_0.id=a2_0.user_id 
    left join
        roles a2_1 
            on a2_1.id=a2_0.role_id 
    where
        u1_0.athlete_id=?
Hibernate: 
    select
        u1_0.id,
        u1_0.account_non_expired,
        u1_0.account_non_locked,
        u1_0.athlete_id,
        a2_0.user_id,
        a2_1.id,
        a2_1.authority,
        u1_0.credentials_non_expired,
        u1_0.enabled,
        u1_0.password,
        u1_0.username 
    from
        users u1_0 
    left join
        users_roles a2_0 
            on u1_0.id=a2_0.user_id 
    left join
        roles a2_1 
            on a2_1.id=a2_0.role_id 
    where
        u1_0.athlete_id=?
2026-05-18T14:14:07.642+03:00 DEBUG 21460 --- [winter-olympics-basic] [nio-8090-exec-7] org.hibernate.SQL                        : 
    select
        u1_0.id,
        u1_0.account_non_expired,
        u1_0.account_non_locked,
        u1_0.athlete_id,
        a2_0.user_id,
        a2_1.id,
        a2_1.authority,
        u1_0.credentials_non_expired,
        u1_0.enabled,
        u1_0.password,
        u1_0.username 
    from
        users u1_0 
    left join
        users_roles a2_0 
            on u1_0.id=a2_0.user_id 
    left join
        roles a2_1 
            on a2_1.id=a2_0.role_id 
    where
        u1_0.athlete_id=?
Hibernate: 
    select
        u1_0.id,
        u1_0.account_non_expired,
        u1_0.account_non_locked,
        u1_0.athlete_id,
        a2_0.user_id,
        a2_1.id,
        a2_1.authority,
        u1_0.credentials_non_expired,
        u1_0.enabled,
        u1_0.password,
        u1_0.username 
    from
        users u1_0 
    left join
        users_roles a2_0 
            on u1_0.id=a2_0.user_id 
    left join
        roles a2_1 
            on a2_1.id=a2_0.role_id 
    where
        u1_0.athlete_id=?
2026-05-18T14:14:07.644+03:00 DEBUG 21460 --- [winter-olympics-basic] [nio-8090-exec-7] org.hibernate.SQL                        : 
    select
        c1_0.id,
        c1_0.finished,
        c1_0.gender,
        c1_0.held_on,
        c1_0.min_age,
        c1_0.name,
        c1_0.type 
    from
        competitions c1_0
Hibernate: 
    select
        c1_0.id,
        c1_0.finished,
        c1_0.gender,
        c1_0.held_on,
        c1_0.min_age,
        c1_0.name,
        c1_0.type 
    from
        competitions c1_0
2026-05-18T14:14:29.214+03:00 DEBUG 21460 --- [winter-olympics-basic] [nio-8090-exec-1] org.hibernate.SQL                        : 
    select
        u1_0.id,
        u1_0.account_non_expired,
        u1_0.account_non_locked,
        u1_0.athlete_id,
        u1_0.credentials_non_expired,
        u1_0.enabled,
        u1_0.password,
        u1_0.username 
    from
        users u1_0 
    where
        u1_0.username=?
Hibernate: 
    select
        u1_0.id,
        u1_0.account_non_expired,
        u1_0.account_non_locked,
        u1_0.athlete_id,
        u1_0.credentials_non_expired,
        u1_0.enabled,
        u1_0.password,
        u1_0.username 
    from
        users u1_0 
    where
        u1_0.username=?
2026-05-18T14:14:29.214+03:00 DEBUG 21460 --- [winter-olympics-basic] [nio-8090-exec-1] org.hibernate.SQL                        : 
    select
        a1_0.user_id,
        a1_1.id,
        a1_1.authority 
    from
        users_roles a1_0 
    join
        roles a1_1 
            on a1_1.id=a1_0.role_id 
    where
        a1_0.user_id=?
Hibernate: 
    select
        a1_0.user_id,
        a1_1.id,
        a1_1.authority 
    from
        users_roles a1_0 
    join
        roles a1_1 
            on a1_1.id=a1_0.role_id 
    where
        a1_0.user_id=?
2026-05-18T14:14:29.374+03:00 DEBUG 21460 --- [winter-olympics-basic] [nio-8090-exec-1] org.hibernate.SQL                        : 
    insert 
    into
        competitions
        (finished, gender, held_on, min_age, name, type, id) 
    values
        (?, ?, ?, ?, ?, ?, default)
Hibernate: 
    insert 
    into
        competitions
        (finished, gender, held_on, min_age, name, type, id) 
    values
        (?, ?, ?, ?, ?, ?, default)
2026-05-18T14:14:55.177+03:00 DEBUG 21460 --- [winter-olympics-basic] [nio-8090-exec-3] org.hibernate.SQL                        : 
    select
        c1_0.id,
        c1_0.finished,
        c1_0.gender,
        c1_0.held_on,
        c1_0.min_age,
        c1_0.name,
        c1_0.type 
    from
        competitions c1_0
Hibernate: 
    select
        c1_0.id,
        c1_0.finished,
        c1_0.gender,
        c1_0.held_on,
        c1_0.min_age,
        c1_0.name,
        c1_0.type 
    from
        competitions c1_0
2026-05-18T14:52:59.735+03:00  WARN 21460 --- [winter-olympics-basic] [nio-8090-exec-6] .w.s.m.s.DefaultHandlerExceptionResolver : Resolved [org.springframework.web.HttpRequestMethodNotSupportedException: Request method 'POST' is not supported]
2026-05-18T14:54:01.742+03:00 DEBUG 21460 --- [winter-olympics-basic] [nio-8090-exec-7] org.hibernate.SQL                        : 
    select
        c1_0.id,
        c1_0.finished,
        c1_0.gender,
        c1_0.held_on,
        c1_0.min_age,
        c1_0.name,
        c1_0.type 
    from
        competitions c1_0
Hibernate: 
    select
        c1_0.id,
        c1_0.finished,
        c1_0.gender,
        c1_0.held_on,
        c1_0.min_age,
        c1_0.name,
        c1_0.type 
    from
        competitions c1_0
2026-05-18T14:54:52.413+03:00 DEBUG 21460 --- [winter-olympics-basic] [nio-8090-exec-1] org.hibernate.SQL                        : 
    select
        u1_0.id,
        u1_0.account_non_expired,
        u1_0.account_non_locked,
        u1_0.athlete_id,
        u1_0.credentials_non_expired,
        u1_0.enabled,
        u1_0.password,
        u1_0.username 
    from
        users u1_0 
    where
        u1_0.username=?
Hibernate: 
    select
        u1_0.id,
        u1_0.account_non_expired,
        u1_0.account_non_locked,
        u1_0.athlete_id,
        u1_0.credentials_non_expired,
        u1_0.enabled,
        u1_0.password,
        u1_0.username 
    from
        users u1_0 
    where
        u1_0.username=?
2026-05-18T14:54:52.413+03:00 DEBUG 21460 --- [winter-olympics-basic] [nio-8090-exec-1] org.hibernate.SQL                        : 
    select
        a1_0.user_id,
        a1_1.id,
        a1_1.authority 
    from
        users_roles a1_0 
    join
        roles a1_1 
            on a1_1.id=a1_0.role_id 
    where
        a1_0.user_id=?
Hibernate: 
    select
        a1_0.user_id,
        a1_1.id,
        a1_1.authority 
    from
        users_roles a1_0 
    join
        roles a1_1 
            on a1_1.id=a1_0.role_id 
    where
        a1_0.user_id=?
2026-05-18T14:54:52.499+03:00 DEBUG 21460 --- [winter-olympics-basic] [nio-8090-exec-2] org.hibernate.SQL                        : 
    select
        a1_0.id,
        a1_0.country,
        a1_0.date_of_birth,
        a1_0.first_name,
        a1_0.gender,
        a1_0.last_name 
    from
        athletes a1_0
Hibernate: 
    select
        a1_0.id,
        a1_0.country,
        a1_0.date_of_birth,
        a1_0.first_name,
        a1_0.gender,
        a1_0.last_name 
    from
        athletes a1_0
2026-05-18T14:54:52.499+03:00 DEBUG 21460 --- [winter-olympics-basic] [nio-8090-exec-2] org.hibernate.SQL                        : 
    select
        u1_0.id,
        u1_0.account_non_expired,
        u1_0.account_non_locked,
        u1_0.athlete_id,
        a2_0.user_id,
        a2_1.id,
        a2_1.authority,
        u1_0.credentials_non_expired,
        u1_0.enabled,
        u1_0.password,
        u1_0.username 
    from
        users u1_0 
    left join
        users_roles a2_0 
            on u1_0.id=a2_0.user_id 
    left join
        roles a2_1 
            on a2_1.id=a2_0.role_id 
    where
        u1_0.athlete_id=?
Hibernate: 
    select
        u1_0.id,
        u1_0.account_non_expired,
        u1_0.account_non_locked,
        u1_0.athlete_id,
        a2_0.user_id,
        a2_1.id,
        a2_1.authority,
        u1_0.credentials_non_expired,
        u1_0.enabled,
        u1_0.password,
        u1_0.username 
    from
        users u1_0 
    left join
        users_roles a2_0 
            on u1_0.id=a2_0.user_id 
    left join
        roles a2_1 
            on a2_1.id=a2_0.role_id 
    where
        u1_0.athlete_id=?
2026-05-18T14:54:52.499+03:00 DEBUG 21460 --- [winter-olympics-basic] [nio-8090-exec-2] org.hibernate.SQL                        : 
    select
        u1_0.id,
        u1_0.account_non_expired,
        u1_0.account_non_locked,
        u1_0.athlete_id,
        a2_0.user_id,
        a2_1.id,
        a2_1.authority,
        u1_0.credentials_non_expired,
        u1_0.enabled,
        u1_0.password,
        u1_0.username 
    from
        users u1_0 
    left join
        users_roles a2_0 
            on u1_0.id=a2_0.user_id 
    left join
        roles a2_1 
            on a2_1.id=a2_0.role_id 
    where
        u1_0.athlete_id=?
Hibernate: 
    select
        u1_0.id,
        u1_0.account_non_expired,
        u1_0.account_non_locked,
        u1_0.athlete_id,
        a2_0.user_id,
        a2_1.id,
        a2_1.authority,
        u1_0.credentials_non_expired,
        u1_0.enabled,
        u1_0.password,
        u1_0.username 
    from
        users u1_0 
    left join
        users_roles a2_0 
            on u1_0.id=a2_0.user_id 
    left join
        roles a2_1 
            on a2_1.id=a2_0.role_id 
    where
        u1_0.athlete_id=?
2026-05-18T14:54:52.499+03:00 DEBUG 21460 --- [winter-olympics-basic] [nio-8090-exec-2] org.hibernate.SQL                        : 
    select
        c1_0.id,
        c1_0.finished,
        c1_0.gender,
        c1_0.held_on,
        c1_0.min_age,
        c1_0.name,
        c1_0.type 
    from
        competitions c1_0
Hibernate: 
    select
        c1_0.id,
        c1_0.finished,
        c1_0.gender,
        c1_0.held_on,
        c1_0.min_age,
        c1_0.name,
        c1_0.type 
    from
        competitions c1_0
2026-05-18T14:54:58.323+03:00 DEBUG 21460 --- [winter-olympics-basic] [nio-8090-exec-3] org.hibernate.SQL                        : 
    select
        c1_0.id,
        c1_0.finished,
        c1_0.gender,
        c1_0.held_on,
        c1_0.min_age,
        c1_0.name,
        c1_0.type 
    from
        competitions c1_0
Hibernate: 
    select
        c1_0.id,
        c1_0.finished,
        c1_0.gender,
        c1_0.held_on,
        c1_0.min_age,
        c1_0.name,
        c1_0.type 
    from
        competitions c1_0
2026-05-18T14:55:23.881+03:00 DEBUG 21460 --- [winter-olympics-basic] [nio-8090-exec-5] org.hibernate.SQL                        : 
    select
        c1_0.id,
        c1_0.finished,
        c1_0.gender,
        c1_0.held_on,
        c1_0.min_age,
        c1_0.name,
        c1_0.type 
    from
        competitions c1_0 
    where
        c1_0.id=?
Hibernate: 
    select
        c1_0.id,
        c1_0.finished,
        c1_0.gender,
        c1_0.held_on,
        c1_0.min_age,
        c1_0.name,
        c1_0.type 
    from
        competitions c1_0 
    where
        c1_0.id=?
2026-05-18T14:55:23.882+03:00 DEBUG 21460 --- [winter-olympics-basic] [nio-8090-exec-5] org.hibernate.SQL                        : 
    select
        a1_0.id,
        a1_0.country,
        a1_0.date_of_birth,
        a1_0.first_name,
        a1_0.gender,
        a1_0.last_name,
        u1_0.id,
        u1_0.account_non_expired,
        u1_0.account_non_locked,
        a2_0.user_id,
        a2_1.id,
        a2_1.authority,
        u1_0.credentials_non_expired,
        u1_0.enabled,
        u1_0.password,
        u1_0.username 
    from
        athletes a1_0 
    left join
        users u1_0 
            on a1_0.id=u1_0.athlete_id 
    left join
        users_roles a2_0 
            on u1_0.id=a2_0.user_id 
    left join
        roles a2_1 
            on a2_1.id=a2_0.role_id 
    where
        a1_0.id=?
Hibernate: 
    select
        a1_0.id,
        a1_0.country,
        a1_0.date_of_birth,
        a1_0.first_name,
        a1_0.gender,
        a1_0.last_name,
        u1_0.id,
        u1_0.account_non_expired,
        u1_0.account_non_locked,
        a2_0.user_id,
        a2_1.id,
        a2_1.authority,
        u1_0.credentials_non_expired,
        u1_0.enabled,
        u1_0.password,
        u1_0.username 
    from
        athletes a1_0 
    left join
        users u1_0 
            on a1_0.id=u1_0.athlete_id 
    left join
        users_roles a2_0 
            on u1_0.id=a2_0.user_id 
    left join
        roles a2_1 
            on a2_1.id=a2_0.role_id 
    where
        a1_0.id=?
2026-05-18T14:55:23.882+03:00 DEBUG 21460 --- [winter-olympics-basic] [nio-8090-exec-5] org.hibernate.SQL                        : 
    select
        cr1_0.id 
    from
        competition_registrations cr1_0 
    where
        cr1_0.competition_id=? 
        and cr1_0.athlete_id=? 
    fetch
        first ? rows only
Hibernate: 
    select
        cr1_0.id 
    from
        competition_registrations cr1_0 
    where
        cr1_0.competition_id=? 
        and cr1_0.athlete_id=? 
    fetch
        first ? rows only
2026-05-18T14:55:23.882+03:00 DEBUG 21460 --- [winter-olympics-basic] [nio-8090-exec-5] org.hibernate.SQL                        : 
    insert 
    into
        competition_registrations
        (athlete_id, competition_id, id) 
    values
        (?, ?, default)
Hibernate: 
    insert 
    into
        competition_registrations
        (athlete_id, competition_id, id) 
    values
        (?, ?, default)
2026-05-18T14:55:23.900+03:00 DEBUG 21460 --- [winter-olympics-basic] [nio-8090-exec-6] org.hibernate.SQL                        : 
    select
        c1_0.id,
        c1_0.finished,
        c1_0.gender,
        c1_0.held_on,
        c1_0.min_age,
        c1_0.name,
        c1_0.type 
    from
        competitions c1_0
Hibernate: 
    select
        c1_0.id,
        c1_0.finished,
        c1_0.gender,
        c1_0.held_on,
        c1_0.min_age,
        c1_0.name,
        c1_0.type 
    from
        competitions c1_0
2026-05-18T14:55:36.856+03:00 DEBUG 21460 --- [winter-olympics-basic] [nio-8090-exec-8] org.hibernate.SQL                        : 
    select
        c1_0.id,
        c1_0.finished,
        c1_0.gender,
        c1_0.held_on,
        c1_0.min_age,
        c1_0.name,
        c1_0.type 
    from
        competitions c1_0 
    where
        c1_0.id=?
Hibernate: 
    select
        c1_0.id,
        c1_0.finished,
        c1_0.gender,
        c1_0.held_on,
        c1_0.min_age,
        c1_0.name,
        c1_0.type 
    from
        competitions c1_0 
    where
        c1_0.id=?
2026-05-18T14:55:36.856+03:00 DEBUG 21460 --- [winter-olympics-basic] [nio-8090-exec-8] org.hibernate.SQL                        : 
    select
        a1_0.id,
        a1_0.country,
        a1_0.date_of_birth,
        a1_0.first_name,
        a1_0.gender,
        a1_0.last_name,
        u1_0.id,
        u1_0.account_non_expired,
        u1_0.account_non_locked,
        a2_0.user_id,
        a2_1.id,
        a2_1.authority,
        u1_0.credentials_non_expired,
        u1_0.enabled,
        u1_0.password,
        u1_0.username 
    from
        athletes a1_0 
    left join
        users u1_0 
            on a1_0.id=u1_0.athlete_id 
    left join
        users_roles a2_0 
            on u1_0.id=a2_0.user_id 
    left join
        roles a2_1 
            on a2_1.id=a2_0.role_id 
    where
        a1_0.id=?
Hibernate: 
    select
        a1_0.id,
        a1_0.country,
        a1_0.date_of_birth,
        a1_0.first_name,
        a1_0.gender,
        a1_0.last_name,
        u1_0.id,
        u1_0.account_non_expired,
        u1_0.account_non_locked,
        a2_0.user_id,
        a2_1.id,
        a2_1.authority,
        u1_0.credentials_non_expired,
        u1_0.enabled,
        u1_0.password,
        u1_0.username 
    from
        athletes a1_0 
    left join
        users u1_0 
            on a1_0.id=u1_0.athlete_id 
    left join
        users_roles a2_0 
            on u1_0.id=a2_0.user_id 
    left join
        roles a2_1 
            on a2_1.id=a2_0.role_id 
    where
        a1_0.id=?
2026-05-18T14:55:36.856+03:00 DEBUG 21460 --- [winter-olympics-basic] [nio-8090-exec-8] org.hibernate.SQL                        : 
    select
        cr1_0.id 
    from
        competition_registrations cr1_0 
    where
        cr1_0.competition_id=? 
        and cr1_0.athlete_id=? 
    fetch
        first ? rows only
Hibernate: 
    select
        cr1_0.id 
    from
        competition_registrations cr1_0 
    where
        cr1_0.competition_id=? 
        and cr1_0.athlete_id=? 
    fetch
        first ? rows only
2026-05-18T14:55:36.865+03:00 DEBUG 21460 --- [winter-olympics-basic] [nio-8090-exec-9] org.hibernate.SQL                        : 
    select
        c1_0.id,
        c1_0.finished,
        c1_0.gender,
        c1_0.held_on,
        c1_0.min_age,
        c1_0.name,
        c1_0.type 
    from
        competitions c1_0
Hibernate: 
    select
        c1_0.id,
        c1_0.finished,
        c1_0.gender,
        c1_0.held_on,
        c1_0.min_age,
        c1_0.name,
        c1_0.type 
    from
        competitions c1_0
2026-05-18T14:55:48.725+03:00 DEBUG 21460 --- [winter-olympics-basic] [io-8090-exec-10] org.hibernate.SQL                        : 
    select
        a1_0.id,
        a1_0.country,
        a1_0.date_of_birth,
        a1_0.first_name,
        a1_0.gender,
        a1_0.last_name 
    from
        athletes a1_0
Hibernate: 
    select
        a1_0.id,
        a1_0.country,
        a1_0.date_of_birth,
        a1_0.first_name,
        a1_0.gender,
        a1_0.last_name 
    from
        athletes a1_0
2026-05-18T14:55:48.725+03:00 DEBUG 21460 --- [winter-olympics-basic] [io-8090-exec-10] org.hibernate.SQL                        : 
    select
        u1_0.id,
        u1_0.account_non_expired,
        u1_0.account_non_locked,
        u1_0.athlete_id,
        a2_0.user_id,
        a2_1.id,
        a2_1.authority,
        u1_0.credentials_non_expired,
        u1_0.enabled,
        u1_0.password,
        u1_0.username 
    from
        users u1_0 
    left join
        users_roles a2_0 
            on u1_0.id=a2_0.user_id 
    left join
        roles a2_1 
            on a2_1.id=a2_0.role_id 
    where
        u1_0.athlete_id=?
Hibernate: 
    select
        u1_0.id,
        u1_0.account_non_expired,
        u1_0.account_non_locked,
        u1_0.athlete_id,
        a2_0.user_id,
        a2_1.id,
        a2_1.authority,
        u1_0.credentials_non_expired,
        u1_0.enabled,
        u1_0.password,
        u1_0.username 
    from
        users u1_0 
    left join
        users_roles a2_0 
            on u1_0.id=a2_0.user_id 
    left join
        roles a2_1 
            on a2_1.id=a2_0.role_id 
    where
        u1_0.athlete_id=?
2026-05-18T14:55:48.725+03:00 DEBUG 21460 --- [winter-olympics-basic] [io-8090-exec-10] org.hibernate.SQL                        : 
    select
        u1_0.id,
        u1_0.account_non_expired,
        u1_0.account_non_locked,
        u1_0.athlete_id,
        a2_0.user_id,
        a2_1.id,
        a2_1.authority,
        u1_0.credentials_non_expired,
        u1_0.enabled,
        u1_0.password,
        u1_0.username 
    from
        users u1_0 
    left join
        users_roles a2_0 
            on u1_0.id=a2_0.user_id 
    left join
        roles a2_1 
            on a2_1.id=a2_0.role_id 
    where
        u1_0.athlete_id=?
Hibernate: 
    select
        u1_0.id,
        u1_0.account_non_expired,
        u1_0.account_non_locked,
        u1_0.athlete_id,
        a2_0.user_id,
        a2_1.id,
        a2_1.authority,
        u1_0.credentials_non_expired,
        u1_0.enabled,
        u1_0.password,
        u1_0.username 
    from
        users u1_0 
    left join
        users_roles a2_0 
            on u1_0.id=a2_0.user_id 
    left join
        roles a2_1 
            on a2_1.id=a2_0.role_id 
    where
        u1_0.athlete_id=?
2026-05-18T14:55:48.725+03:00 DEBUG 21460 --- [winter-olympics-basic] [io-8090-exec-10] org.hibernate.SQL                        : 
    select
        c1_0.id,
        c1_0.finished,
        c1_0.gender,
        c1_0.held_on,
        c1_0.min_age,
        c1_0.name,
        c1_0.type 
    from
        competitions c1_0
Hibernate: 
    select
        c1_0.id,
        c1_0.finished,
        c1_0.gender,
        c1_0.held_on,
        c1_0.min_age,
        c1_0.name,
        c1_0.type 
    from
        competitions c1_0
2026-05-18T14:56:17.488+03:00 DEBUG 21460 --- [winter-olympics-basic] [nio-8090-exec-2] org.hibernate.SQL                        : 
    select
        u1_0.id,
        u1_0.account_non_expired,
        u1_0.account_non_locked,
        u1_0.athlete_id,
        u1_0.credentials_non_expired,
        u1_0.enabled,
        u1_0.password,
        u1_0.username 
    from
        users u1_0 
    where
        u1_0.username=?
Hibernate: 
    select
        u1_0.id,
        u1_0.account_non_expired,
        u1_0.account_non_locked,
        u1_0.athlete_id,
        u1_0.credentials_non_expired,
        u1_0.enabled,
        u1_0.password,
        u1_0.username 
    from
        users u1_0 
    where
        u1_0.username=?
2026-05-18T14:56:17.488+03:00 DEBUG 21460 --- [winter-olympics-basic] [nio-8090-exec-2] org.hibernate.SQL                        : 
    select
        a1_0.user_id,
        a1_1.id,
        a1_1.authority 
    from
        users_roles a1_0 
    join
        roles a1_1 
            on a1_1.id=a1_0.role_id 
    where
        a1_0.user_id=?
Hibernate: 
    select
        a1_0.user_id,
        a1_1.id,
        a1_1.authority 
    from
        users_roles a1_0 
    join
        roles a1_1 
            on a1_1.id=a1_0.role_id 
    where
        a1_0.user_id=?
2026-05-18T14:56:17.558+03:00 DEBUG 21460 --- [winter-olympics-basic] [nio-8090-exec-3] org.hibernate.SQL                        : 
    select
        a1_0.id,
        a1_0.country,
        a1_0.date_of_birth,
        a1_0.first_name,
        a1_0.gender,
        a1_0.last_name 
    from
        athletes a1_0
Hibernate: 
    select
        a1_0.id,
        a1_0.country,
        a1_0.date_of_birth,
        a1_0.first_name,
        a1_0.gender,
        a1_0.last_name 
    from
        athletes a1_0
2026-05-18T14:56:17.558+03:00 DEBUG 21460 --- [winter-olympics-basic] [nio-8090-exec-3] org.hibernate.SQL                        : 
    select
        u1_0.id,
        u1_0.account_non_expired,
        u1_0.account_non_locked,
        u1_0.athlete_id,
        a2_0.user_id,
        a2_1.id,
        a2_1.authority,
        u1_0.credentials_non_expired,
        u1_0.enabled,
        u1_0.password,
        u1_0.username 
    from
        users u1_0 
    left join
        users_roles a2_0 
            on u1_0.id=a2_0.user_id 
    left join
        roles a2_1 
            on a2_1.id=a2_0.role_id 
    where
        u1_0.athlete_id=?
Hibernate: 
    select
        u1_0.id,
        u1_0.account_non_expired,
        u1_0.account_non_locked,
        u1_0.athlete_id,
        a2_0.user_id,
        a2_1.id,
        a2_1.authority,
        u1_0.credentials_non_expired,
        u1_0.enabled,
        u1_0.password,
        u1_0.username 
    from
        users u1_0 
    left join
        users_roles a2_0 
            on u1_0.id=a2_0.user_id 
    left join
        roles a2_1 
            on a2_1.id=a2_0.role_id 
    where
        u1_0.athlete_id=?
2026-05-18T14:56:17.558+03:00 DEBUG 21460 --- [winter-olympics-basic] [nio-8090-exec-3] org.hibernate.SQL                        : 
    select
        u1_0.id,
        u1_0.account_non_expired,
        u1_0.account_non_locked,
        u1_0.athlete_id,
        a2_0.user_id,
        a2_1.id,
        a2_1.authority,
        u1_0.credentials_non_expired,
        u1_0.enabled,
        u1_0.password,
        u1_0.username 
    from
        users u1_0 
    left join
        users_roles a2_0 
            on u1_0.id=a2_0.user_id 
    left join
        roles a2_1 
            on a2_1.id=a2_0.role_id 
    where
        u1_0.athlete_id=?
Hibernate: 
    select
        u1_0.id,
        u1_0.account_non_expired,
        u1_0.account_non_locked,
        u1_0.athlete_id,
        a2_0.user_id,
        a2_1.id,
        a2_1.authority,
        u1_0.credentials_non_expired,
        u1_0.enabled,
        u1_0.password,
        u1_0.username 
    from
        users u1_0 
    left join
        users_roles a2_0 
            on u1_0.id=a2_0.user_id 
    left join
        roles a2_1 
            on a2_1.id=a2_0.role_id 
    where
        u1_0.athlete_id=?
2026-05-18T14:56:17.558+03:00 DEBUG 21460 --- [winter-olympics-basic] [nio-8090-exec-3] org.hibernate.SQL                        : 
    select
        c1_0.id,
        c1_0.finished,
        c1_0.gender,
        c1_0.held_on,
        c1_0.min_age,
        c1_0.name,
        c1_0.type 
    from
        competitions c1_0
Hibernate: 
    select
        c1_0.id,
        c1_0.finished,
        c1_0.gender,
        c1_0.held_on,
        c1_0.min_age,
        c1_0.name,
        c1_0.type 
    from
        competitions c1_0
2026-05-18T14:56:22.714+03:00 DEBUG 21460 --- [winter-olympics-basic] [nio-8090-exec-5] org.hibernate.SQL                        : 
    select
        a1_0.id,
        a1_0.country,
        a1_0.date_of_birth,
        a1_0.first_name,
        a1_0.gender,
        a1_0.last_name 
    from
        athletes a1_0
Hibernate: 
    select
        a1_0.id,
        a1_0.country,
        a1_0.date_of_birth,
        a1_0.first_name,
        a1_0.gender,
        a1_0.last_name 
    from
        athletes a1_0
2026-05-18T14:56:22.714+03:00 DEBUG 21460 --- [winter-olympics-basic] [nio-8090-exec-5] org.hibernate.SQL                        : 
    select
        u1_0.id,
        u1_0.account_non_expired,
        u1_0.account_non_locked,
        u1_0.athlete_id,
        a2_0.user_id,
        a2_1.id,
        a2_1.authority,
        u1_0.credentials_non_expired,
        u1_0.enabled,
        u1_0.password,
        u1_0.username 
    from
        users u1_0 
    left join
        users_roles a2_0 
            on u1_0.id=a2_0.user_id 
    left join
        roles a2_1 
            on a2_1.id=a2_0.role_id 
    where
        u1_0.athlete_id=?
Hibernate: 
    select
        u1_0.id,
        u1_0.account_non_expired,
        u1_0.account_non_locked,
        u1_0.athlete_id,
        a2_0.user_id,
        a2_1.id,
        a2_1.authority,
        u1_0.credentials_non_expired,
        u1_0.enabled,
        u1_0.password,
        u1_0.username 
    from
        users u1_0 
    left join
        users_roles a2_0 
            on u1_0.id=a2_0.user_id 
    left join
        roles a2_1 
            on a2_1.id=a2_0.role_id 
    where
        u1_0.athlete_id=?
2026-05-18T14:56:22.714+03:00 DEBUG 21460 --- [winter-olympics-basic] [nio-8090-exec-5] org.hibernate.SQL                        : 
    select
        u1_0.id,
        u1_0.account_non_expired,
        u1_0.account_non_locked,
        u1_0.athlete_id,
        a2_0.user_id,
        a2_1.id,
        a2_1.authority,
        u1_0.credentials_non_expired,
        u1_0.enabled,
        u1_0.password,
        u1_0.username 
    from
        users u1_0 
    left join
        users_roles a2_0 
            on u1_0.id=a2_0.user_id 
    left join
        roles a2_1 
            on a2_1.id=a2_0.role_id 
    where
        u1_0.athlete_id=?
Hibernate: 
    select
        u1_0.id,
        u1_0.account_non_expired,
        u1_0.account_non_locked,
        u1_0.athlete_id,
        a2_0.user_id,
        a2_1.id,
        a2_1.authority,
        u1_0.credentials_non_expired,
        u1_0.enabled,
        u1_0.password,
        u1_0.username 
    from
        users u1_0 
    left join
        users_roles a2_0 
            on u1_0.id=a2_0.user_id 
    left join
        roles a2_1 
            on a2_1.id=a2_0.role_id 
    where
        u1_0.athlete_id=?
2026-05-18T14:56:22.714+03:00 DEBUG 21460 --- [winter-olympics-basic] [nio-8090-exec-5] org.hibernate.SQL                        : 
    select
        c1_0.id,
        c1_0.finished,
        c1_0.gender,
        c1_0.held_on,
        c1_0.min_age,
        c1_0.name,
        c1_0.type 
    from
        competitions c1_0
Hibernate: 
    select
        c1_0.id,
        c1_0.finished,
        c1_0.gender,
        c1_0.held_on,
        c1_0.min_age,
        c1_0.name,
        c1_0.type 
    from
        competitions c1_0
